[phono-demo.myshopify.com/index.html]
[phono-demo.myshopify.com/cdn/shop/files/favicone8e6.png]
[backblue.gif]
[fade.gif]
[index.html]
[phono-demo.myshopify.com/cdn/shop/files/logoe171.png]
[phono-demo.myshopify.com/cdn/shop/t/11/assets/jquery.min46ef.js]
[phono-demo.myshopify.com/cdn/shop/t/11/assets/axios.min87c6.js]
[phono-demo.myshopify.com/cdn/shop/t/11/assets/global5a2c.js]
[phono-demo.myshopify.com/cdn/shop/t/11/assets/swiper-bundle.mind003.js]
[phono-demo.myshopify.com/cdn/shop/t/11/assets/jquery-cookie-mine261.js]
[phono-demo.myshopify.com/checkouts/internal/preloadsb724.js]
[phono-demo.myshopify.com/cdn/shopifycloud/portable-wallets/latest/portable-wallets.en.js]
[phono-demo.myshopify.com/cdn/shopifycloud/shopify/assets/storefront/load_feature-9f951eb7d8d53973c719de211f807d63af81c644e5b9a6ae72661ac408d472f6.js]
[phono-demo.myshopify.com/cdn/shop/t/11/compiled_assets/scriptsaf14.js]
[phono-demo.myshopify.com/cdn/fonts/roboto/roboto_n4.da808834c2315f31dd3910e2ae6b1a895d7f73f50e93.woff2]
[phono-demo.myshopify.com/cdn/fonts/roboto/roboto_n4.a512c7b68cd7f12c72e1a5fd58e7f7315c552e9359be.woff]
[phono-demo.myshopify.com/cdn/fonts/roboto/roboto_n7.51ede27d5b58491d9cf07ad184108da52fef80b4a6f9.woff2]
[phono-demo.myshopify.com/cdn/fonts/roboto/roboto_n7.1babbb6a27f91b14216bafa40bf222e08f6999f49a03.woff]
[phono-demo.myshopify.com/cdn/fonts/roboto/roboto_i4.f98951b4b9b6e1096fc799cd05debd098bd422ac617f.woff2]
[phono-demo.myshopify.com/cdn/fonts/roboto/roboto_i4.688a26691d45bc4053b6ae24a196cabdeedbc25ce613.woff]
[phono-demo.myshopify.com/cdn/fonts/roboto/roboto_i7.9c922c35bb84952cfb17e8c1d42e440e75aa8ccfacdd.woff2]
[phono-demo.myshopify.com/cdn/fonts/roboto/roboto_i7.c50b5683f5731edb8040ff2110a54947108434de9818.woff]
[phono-demo.myshopify.com/cdn/fonts/rajdhani/rajdhani_n5.d8dbf587163ee8433c9c2982c1995084a3e75f80f3b4.woff2]
[phono-demo.myshopify.com/cdn/fonts/rajdhani/rajdhani_n5.e39a99601d26a44e58a8141483321205e5669ae825fb.woff]
[phono-demo.myshopify.com/cdn/shop/files/Spin-1s-200px_1edc8.gif]
[phono-demo.myshopify.com/cdn/shop/t/11/assets/base7c20.css]
[phono-demo.myshopify.com/cdn/shop/t/11/assets/swiper-bundle.min003c.css]
[cdnjs.cloudflare.com/ajax/libs/font-awesome/4.7.0/css/font-awesome.min.css]
[cdnjs.cloudflare.com/ajax/libs/flag-icon-css/4.1.5/css/flag-icons.min.css]
[phono-demo.myshopify.com/cdn/shop/t/11/assets/component-predictive-search20c2.css]
[phono-demo.myshopify.com/GET]
[phono-demo.myshopify.com/POST]
[cdn.judge.me/shopify_v2.css]
[phono-demo.myshopify.com/cdn]
[phono-demo.myshopify.com/cdn/s/trekkie.storefront.6feac1db1e2c7d84269967dcaefdee0618af51f6.min.js]
[phono-demo.myshopify.com/cdn/shopifycloud/shopify/assets/shop_events_listener-61fa9e0a912c675e178777d2b27f6cbd482f8912a6b0aa31fa3515985a8cd626.js]
[phono-demo.myshopify.com/cdn/shopifycloud/boomerang/shopify-boomerang-1.0.0.min.js]
[phono-demo.myshopify.com/collections.html]
[phono-demo.myshopify.com/cdn/shop/t/11/assets/component-list-menu4a7a.css]
[phono-demo.myshopify.com/cdn/shop/t/11/assets/component-search5e76.css]
[phono-demo.myshopify.com/cdn/shop/t/11/assets/component-menu-drawer931c.css]
[phono-demo.myshopify.com/cdn/shop/t/11/assets/component-cart-notification2b87.css]
[phono-demo.myshopify.com/cdn/shop/t/11/assets/component-cart-items39be.css]
[phono-demo.myshopify.com/cdn/shop/t/11/assets/component-price1eee.css]
[phono-demo.myshopify.com/cdn/shop/t/11/assets/component-loading-overlay7384.css]
[phono-demo.myshopify.com/cdn/shop/t/11/assets/component-mega-menua78d.css]
[phono-demo.myshopify.com/cdn/shop/t/11/assets/details-disclosure30ed.js]
[phono-demo.myshopify.com/cdn/shop/t/11/assets/details-modal9b00.js]
[phono-demo.myshopify.com/cdn/shop/t/11/assets/cart-notification4b00.js]
[phono-demo.myshopify.com/cdn/shop/t/11/assets/dt-mega-menud5f8.js]
[phono-demo.myshopify.com/collections/android-phones.html]
[phono-demo.myshopify.com/products/affinity-m20.html]
[phono-demo.myshopify.com/products/affinity-p40-pro.html]
[phono-demo.myshopify.com/products/po-v40-thinq.html]
[phono-demo.myshopify.com/products/tencho-7-3.html]
[phono-demo.myshopify.com/products/tencho-8-1.html]
[phono-demo.myshopify.com/collections/dual-sim-phones.html]
[phono-demo.myshopify.com/products/spots-8-lite.html]
[phono-demo.myshopify.com/products/spots-era-5x.html]
[phono-demo.myshopify.com/collections/windows-phone.html]
[phono-demo.myshopify.com/products/spots-y93-1815.html]
[phono-demo.myshopify.com/products/tencho-f12-pro.html]
[phono-demo.myshopify.com/collections/latest-product.html]
[phono-demo.myshopify.com/products/tencho-10-lite.html]
[phono-demo.myshopify.com/cdn/shop/files/bg-10adf.png]
[phono-demo.myshopify.com/collections/all.html]
[phono-demo.myshopify.com/collections/upcoming-products.html]
[phono-demo.myshopify.com/collections/new-offers.html]
[phono-demo.myshopify.com/pages/about-us.html]
[phono-demo.myshopify.com/pages/contact-us.html]
[phono-demo.myshopify.com/blogs/news.html]
[phono-demo.myshopify.com/pages/faqs.html]
[phono-demo.myshopify.com/account/login.html]
[phono-demo.myshopify.com/cdn/shop/files/logo4f3d.png]
[phono-demo.myshopify.com/cart.html]
[phono-demo.myshopify.com/cdn/shop/t/11/assets/component-image-bannerc9f0.css]
[phono-demo.myshopify.com/cdn/shop/t/11/assets/component-slider6e1b.css]
[phono-demo.myshopify.com/cdn/shop/t/11/assets/component-slideshowfa3a.css]
[phono-demo.myshopify.com/cdn/shop/files/phono-slider-14405.jpg]
[phono-demo.myshopify.com/cdn/shop/files/phono-slider-1-res84d9.jpg]
[phono-demo.myshopify.com/cdn/shop/files/phono-slider-24405.jpg]
[phono-demo.myshopify.com/cdn/shop/files/phono-slider-2-res84d9.jpg]
[phono-demo.myshopify.com/cdn/shop/files/phono-slider-34405.jpg]
[phono-demo.myshopify.com/cdn/shop/files/phono-slider-3-res84d9.jpg]
[phono-demo.myshopify.com/cdn/shop/t/11/assets/section-support-block77e2.css]
[phono-demo.myshopify.com/cdn/shop/files/free-deliver-icon59b1.png]
[phono-demo.myshopify.com/cdn/shop/files/offers-icon59b1.png]
[phono-demo.myshopify.com/cdn/shop/files/support-icon59b1.png]
[phono-demo.myshopify.com/cdn/shop/files/ic12d5f3.png]
[phono-demo.myshopify.com/cdn/shop/files/ic13d5f3.png]
[phono-demo.myshopify.com/cdn/shop/files/ic11d5f3.png]
[phono-demo.myshopify.com/cdn/shop/t/11/assets/section-grid-banner6263.css]
[phono-demo.myshopify.com/cdn/shop/files/img-1_73f531ca-ace8-42e4-88b0-7a8de5d93d7eae8e.jpg]
[phono-demo.myshopify.com/cdn/shop/files/img-4-1bcac.jpg]
[phono-demo.myshopify.com/cdn/shop/files/img-3ae8e.jpg]
[phono-demo.myshopify.com/cdn/shop/files/img-2ae8e.jpg]
[phono-demo.myshopify.com/cdn/shop/t/11/assets/section-hotspot7873.css]
[phono-demo.myshopify.com/cdn/shop/t/11/assets/magnific-popup4a8e.css]
[phono-demo.myshopify.com/cdn/shop/t/11/assets/magnific-popupc08b.js]
[phono-demo.myshopify.com/cdn/shop/t/11/assets/component-carde02c.css]
[phono-demo.myshopify.com/cdn/shop/t/11/assets/quick-add7c28.css]
[phono-demo.myshopify.com/cdn/shop/t/11/assets/quick-add2f68.js]
[phono-demo.myshopify.com/cdn/shop/t/11/assets/product-form919a.js]
[phono-demo.myshopify.com/cdn/shop/t/11/assets/hotspot931c.js]
[phono-demo.myshopify.com/cdn/shop/files/hotspot_2934b3a5-cd7e-49be-b709-8269a17f73906cb8.png]
[phono-demo.myshopify.com/cdn/shop/files/ic7d115.png]
[phono-demo.myshopify.com/cdn/shop/files/ic10d115.png]
[phono-demo.myshopify.com/cdn/shop/files/ic9_db35a001-6739-4b9f-b1d9-12a825ddf8d90c95.png]
[phono-demo.myshopify.com/cdn/shop/files/ic80c95.png]
[phono-demo.myshopify.com/cdn/shop/t/11/assets/component-rte63b0.css]
[phono-demo.myshopify.com/cdn/shop/t/11/assets/section-rich-text7cb3.css]
[phono-demo.myshopify.com/cdn/shop/files/img-5_8dbc9088-a43a-4e32-b664-1a3681550de47db4.jpg]
[phono-demo.myshopify.com/cdn/shop/files/cameracaa5.jpg]
[phono-demo.myshopify.com/cdn/shop/files/img-7_54376782-045f-4d57-bb5a-250e33d54a77037f.jpg]
[phono-demo.myshopify.com/cdn/shop/t/11/assets/section-specification-blockaf0d.css]
[phono-demo.myshopify.com/cdn/shop/files/ic5cad1.png]
[phono-demo.myshopify.com/cdn/shop/files/ic6cad1.png]
[phono-demo.myshopify.com/cdn/shop/files/ic3cad1.png]
[phono-demo.myshopify.com/cdn/shop/files/center-img_eb064c43-efaf-4d56-90df-f89acfdf85fecaa5.png]
[phono-demo.myshopify.com/cdn/shop/files/ic1cad1.png]
[phono-demo.myshopify.com/cdn/shop/files/ic4cad1.png]
[phono-demo.myshopify.com/cdn/shop/files/ic2cad1.png]
[phono-demo.myshopify.com/cdn/shop/t/11/assets/template-collection5ce9.css]
[phono-demo.myshopify.com/cdn/shop/t/11/assets/component-rating9b61.css]
[phono-demo.myshopify.com/cdn/shop/products/p54501.jpg]
[phono-demo.myshopify.com/cdn/shop/products/p64501.jpg]
[phono-demo.myshopify.com/products/spectronic-xr.html]
[phono-demo.myshopify.com/cdn/shop/products/p37005.jpg]
[phono-demo.myshopify.com/cdn/shop/products/p2_6fe16657-d748-4c01-acfa-5ddb48b5a2805f7e.jpg]
[phono-demo.myshopify.com/cdn/shop/products/p7_dd9c198a-6656-4739-9bee-40b506ba7a8c82a9.jpg]
[phono-demo.myshopify.com/cdn/shop/products/p9e511.jpg]
[phono-demo.myshopify.com/cdn/shop/products/p12_2a7606d0-fa58-46ea-ac4e-eae86976dd086b61.jpg]
[phono-demo.myshopify.com/cdn/shop/products/p2_21f99a2a-1e23-497f-ae37-280bcedbfd0dc34e.jpg]
[phono-demo.myshopify.com/cdn/shop/products/p8_cd4954dd-ce39-41ab-89ec-b67afb0e815f41b7.jpg]
[phono-demo.myshopify.com/cdn/shop/products/p2_ebf435eb-8fd4-4744-a1be-1a153a246fb60fb4.jpg]
[phono-demo.myshopify.com/cdn/shop/t/11/assets/section-masonry-banner8fbf.css]
[phono-demo.myshopify.com/cdn/shop/files/gal5ecd1.jpg]
[phono-demo.myshopify.com/cdn/shop/files/gal1ecd1.jpg]
[phono-demo.myshopify.com/cdn/shop/files/gal2ecd1.jpg]
[phono-demo.myshopify.com/cdn/shop/files/gal3ecd1.jpg]
[phono-demo.myshopify.com/cdn/shop/files/gal4ecd1.jpg]
[phono-demo.myshopify.com/cdn/shop/t/11/assets/component-accordion66e1.css]
[phono-demo.myshopify.com/cdn/shop/t/11/assets/collapsible-content2f93.css]
[phono-demo.myshopify.com/cdn/shop/files/footer_ad0f20f1-29b5-4188-8127-a6667ac6aea9_1920X_1470a.jpg]
[phono-demo.myshopify.com/cdn/shop/files/phone-icn73a8.png]
[phono-demo.myshopify.com/cdn/shop/files/chat-icn3f31.png]
[phono-demo.myshopify.com/cdn/shop/t/11/assets/section-footer2132.css]
[phono-demo.myshopify.com/cdn/shop/t/11/assets/component-newsletterff7c.css]
[phono-demo.myshopify.com/cdn/shop/t/11/assets/component-list-payment2417.css]
[phono-demo.myshopify.com/cdn/shop/t/11/assets/component-list-sociala3e8.css]
[phono-demo.myshopify.com/cdn/shop/t/11/assets/disclosured3f1.css]
[phono-demo.myshopify.com/cdn/shop/files/footer_ad0f20f1-29b5-4188-8127-a6667ac6aea9777d.jpg]
[phono-demo.myshopify.com/search.html]
[phono-demo.myshopify.com/pages/shipping-details.html]
[phono-demo.myshopify.com/cdn/shop/t/11/assets/predictive-search922e.js]
[phono-demo.myshopify.com/cdn/shop/t/11/assets/dt_wishlist8675.js]
[phono-demo.myshopify.com/cdn/shop/t/11/assets/dt-themeaa7b.js]
[phono-demo.myshopify.com/cdn/shop/t/11/assets/model-newsletter-section626b.css]
[phono-demo.myshopify.com/cdn/shop/files/popup_newsletter_img_1e482.jpg]
[phono-demo.myshopify.com/index.html]
[shop.app/checkouts/internal/preloadse59a.js]
[phono-demo.myshopify.com/cdn/shop/t/11/assets/base7c20.css]
[phono-demo.myshopify.com/cdn/shop/t/11/assets/swiper-bundle.min003c.css]
[cdnjs.cloudflare.com/ajax/libs/font-awesome/4.7.0/css/font-awesome.min.css]
[cdnjs.cloudflare.com/ajax/libs/flag-icon-css/4.1.5/css/flag-icons.min.css]
[phono-demo.myshopify.com/cdn/shop/t/11/assets/component-predictive-search20c2.css]
[phono-demo.myshopify.com/GET.html]
[s3.amazonaws.com/me.judge.public-static-assets/general/video-placeholder-640x480.jpg]
[cdn.judge.me/shopify_v2.css]
[phono-demo.myshopify.com/POST.html]
[phono-demo.myshopify.com/cdn.html]
[phono-demo.myshopify.com/cdn/shop/t/11/assets/section-collection-list09f5.css]
[phono-demo.myshopify.com/cdn/shop/products/p5694a.jpg]
[phono-demo.myshopify.com/collections/best-seller-1.html]
[phono-demo.myshopify.com/cdn/shop/products/p6_6b7de771-84d6-46c8-b6df-e5dc70fc37572c71.jpg]
[phono-demo.myshopify.com/cdn/shop/products/p2b9fc.jpg]
[phono-demo.myshopify.com/collections/featured-products.html]
[phono-demo.myshopify.com/cdn/shop/products/p383eb.jpg]
[phono-demo.myshopify.com/cdn/shop/products/p11_8cda49a9-ed01-4335-ac14-1fdc05cb99584e2a.jpg]
[phono-demo.myshopify.com/cdn/shop/products/p183a9.jpg]
[phono-demo.myshopify.com/cdn/shop/products/p7_dd9c198a-6656-4739-9bee-40b506ba7a8c36f5.jpg]
[phono-demo.myshopify.com/collections.html]
[phono-demo.myshopify.com/cdn/shop/t/11/assets/component-list-menu4a7a.css]
[phono-demo.myshopify.com/cdn/shop/t/11/assets/component-search5e76.css]
[phono-demo.myshopify.com/cdn/shop/t/11/assets/component-menu-drawer931c.css]
[phono-demo.myshopify.com/cdn/shop/t/11/assets/component-cart-notification2b87.css]
[phono-demo.myshopify.com/cdn/shop/t/11/assets/component-cart-items39be.css]
[phono-demo.myshopify.com/cdn/shop/t/11/assets/component-price1eee.css]
[phono-demo.myshopify.com/cdn/shop/t/11/assets/component-loading-overlay7384.css]
[phono-demo.myshopify.com/cdn/shop/t/11/assets/component-mega-menua78d.css]
[phono-demo.myshopify.com/collections/android-phones.atom]
[phono-demo.myshopify.com/collections/android-phones.oembed]
[phono-demo.myshopify.com/collections/GET]
[phono-demo.myshopify.com/collections/POST]
[phono-demo.myshopify.com/cdn/shop/t/11/assets/component-collection-heroab3e.css]
[phono-demo.myshopify.com/cdn/shop/t/11/assets/component-facets7fe7.css]
[phono-demo.myshopify.com/cdn/shop/t/11/assets/facetsa60d.js]
[phono-demo.myshopify.com/cdn/shop/t/11/assets/component-show-more7e55.css]
[phono-demo.myshopify.com/cdn/shop/t/11/assets/show-more71f0.js]
[phono-demo.myshopify.com/cdn/shop/products/p11_8cda49a9-ed01-4335-ac14-1fdc05cb99587d6b.jpg]
[phono-demo.myshopify.com/cdn/shop/products/p2a7ea.jpg]
[phono-demo.myshopify.com/collections/android-phones.html]
[phono-demo.myshopify.com/cdn/shop/products/p16a46.jpg]
[phono-demo.myshopify.com/products/affinity-m20.oembed]
[phono-demo.myshopify.com/products/GET]
[phono-demo.myshopify.com/products/POST]
[phono-demo.myshopify.com/cdn/shop/t/11/assets/slick.min6a0b.js]
[phono-demo.myshopify.com/cdn/shop/t/11/assets/jquery.zoom.min97fa.js]
[phono-demo.myshopify.com/cdn/shop/t/11/assets/slick.min678e.css]
[phono-demo.myshopify.com/cdn/shop/t/11/assets/sticky-carte0a7.css]
[phono-demo.myshopify.com/cdn/shop/t/11/assets/section-main-product4800.css]
[phono-demo.myshopify.com/cdn/shop/t/11/assets/component-deferred-media9545.css]
[phono-demo.myshopify.com/cdn/shop/t/11/assets/product-detail-page3658.css]
[phono-demo.myshopify.com/cdn/shop/products/p6_6b7de771-84d6-46c8-b6df-e5dc70fc37574ba0.jpg]
[phono-demo.myshopify.com/cdn/shop/products/p1aa8a.jpg]
[phono-demo.myshopify.com/cdn/shop/products/p12_478985b1-2717-4f19-b6a7-e3e30df3c60f37bd.jpg]
[phono-demo.myshopify.com/cdn/shop/files/p11_a7f2670a-f1e2-4d6c-b70c-d2174f29576f4a36.jpg]
[phono-demo.myshopify.com/cdn/shop/products/p1583c.jpg]
[phono-demo.myshopify.com/cdn/shop/products/p12_478985b1-2717-4f19-b6a7-e3e30df3c60ffcc7.jpg]
[phono-demo.myshopify.com/cdn/shop/files/p11_a7f2670a-f1e2-4d6c-b70c-d2174f29576f6495.jpg]
[phono-demo.myshopify.com/collections/vendors29d2.html]
[phono-demo.myshopify.com/cdn/shop/products/p1887d.jpg]
[phono-demo.myshopify.com/cdn/shop/products/p12_478985b1-2717-4f19-b6a7-e3e30df3c60f12ae.jpg]
[phono-demo.myshopify.com/cdn/shop/t/11/assets/component-pickup-availability37e4.css]
[phono-demo.myshopify.com/cdn/shop/t/11/assets/pickup-availabilitybc0e.js]
[phono-demo.myshopify.com/cdn/shop/t/11/assets/sharedfe3.js]
[phono-demo.myshopify.com/cdn/shop/products/p16308.jpg]
[phono-demo.myshopify.com/cdn/shop/products/p12_478985b1-2717-4f19-b6a7-e3e30df3c60f8cfa.jpg]
[phono-demo.myshopify.com/cdn/shop/files/p11_a7f2670a-f1e2-4d6c-b70c-d2174f29576f0c84.jpg]
[phono-demo.myshopify.com/cdn/shop/t/11/assets/product-modalb54d.js]
[phono-demo.myshopify.com/cdn/shop/t/11/assets/media-gallerye0a3.js]
[phono-demo.myshopify.com/cdn/shop/products/p144ec.jpg]
[phono-demo.myshopify.com/cdn/shop/t/11/assets/section-product-recommendationsace2.css]
[phono-demo.myshopify.com/products/Trident/index.html]
[phono-demo.myshopify.com/cdn/shop/products/p5_d025d5fb-fe51-4def-8907-77b2307e9e35628a.jpg]
[phono-demo.myshopify.com/cdn/shop/products/p9_abe1dc20-196b-45a9-829a-3a06616387e683bf.jpg]
[phono-demo.myshopify.com/cdn/shop/products/p11_ada74d83-2cf4-4d45-8e5c-bc4226ad8074e258.jpg]
[phono-demo.myshopify.com/products/affinity-r18-pro.html]
[phono-demo.myshopify.com/cdn/shop/t/11/assets/dT_bundle_base8456.js]
[phono-demo.myshopify.com/products/affinity-m20.html]
[phono-demo.myshopify.com/cdn/shop/t/11/assets/dT_bundle63cc.js]
[phono-demo.myshopify.com/cdn/shop/products/p7_dd9c198a-6656-4739-9bee-40b506ba7a8cae48.jpg]
[phono-demo.myshopify.com/products/affinity-p40-pro.oembed]
[phono-demo.myshopify.com/cdn/shop/products/p7_dd9c198a-6656-4739-9bee-40b506ba7a8ccec6.jpg]
[phono-demo.myshopify.com/cdn/shop/products/p98254.jpg]
[phono-demo.myshopify.com/cdn/shop/files/p10_69fd2b13-88bb-4e04-83d3-8c6d4032cfabc967.jpg]
[phono-demo.myshopify.com/cdn/shop/products/p7_dd9c198a-6656-4739-9bee-40b506ba7a8c2446.jpg]
[phono-demo.myshopify.com/cdn/shop/products/p91c35.jpg]
[phono-demo.myshopify.com/cdn/shop/files/p10_69fd2b13-88bb-4e04-83d3-8c6d4032cfab277f.jpg]
[phono-demo.myshopify.com/collections/vendors5446.html]
[phono-demo.myshopify.com/cdn/shop/products/p7_dd9c198a-6656-4739-9bee-40b506ba7a8c923b.jpg]
[phono-demo.myshopify.com/cdn/shop/products/p9121f.jpg]
[phono-demo.myshopify.com/cdn/shop/files/p10_69fd2b13-88bb-4e04-83d3-8c6d4032cfab5341.jpg]
[phono-demo.myshopify.com/cdn/shop/products/p7_dd9c198a-6656-4739-9bee-40b506ba7a8c9b7e.jpg]
[phono-demo.myshopify.com/cdn/shop/products/p99142.jpg]
[phono-demo.myshopify.com/cdn/shop/files/p10_69fd2b13-88bb-4e04-83d3-8c6d4032cfab0038.jpg]
[phono-demo.myshopify.com/cdn/shop/products/p7_dd9c198a-6656-4739-9bee-40b506ba7a8c181f.jpg]
[phono-demo.myshopify.com/products/affinity-p40-pro.html]
[phono-demo.myshopify.com/cdn/shop/products/p8_cd4954dd-ce39-41ab-89ec-b67afb0e815fe711.jpg]
[phono-demo.myshopify.com/products/po-v40-thinq.oembed]
[phono-demo.myshopify.com/cdn/shop/products/p8_cd4954dd-ce39-41ab-89ec-b67afb0e815ffe32.jpg]
[phono-demo.myshopify.com/cdn/shop/products/p2_ebf435eb-8fd4-4744-a1be-1a153a246fb692bc.jpg]
[phono-demo.myshopify.com/cdn/shop/products/p4_fefecd2a-a722-4743-bee8-e3cb3b3575ba0f6d.jpg]
[phono-demo.myshopify.com/cdn/shop/products/p8_cd4954dd-ce39-41ab-89ec-b67afb0e815ff578.jpg]
[phono-demo.myshopify.com/cdn/shop/products/p2_ebf435eb-8fd4-4744-a1be-1a153a246fb6fe26.jpg]
[phono-demo.myshopify.com/cdn/shop/products/p4_fefecd2a-a722-4743-bee8-e3cb3b3575ba504d.jpg]
[phono-demo.myshopify.com/collections/vendors3d83.html]
[phono-demo.myshopify.com/cdn/shop/products/p8_cd4954dd-ce39-41ab-89ec-b67afb0e815f679e.jpg]
[phono-demo.myshopify.com/cdn/shop/products/p2_ebf435eb-8fd4-4744-a1be-1a153a246fb66b17.jpg]
[phono-demo.myshopify.com/cdn/shop/products/p4_fefecd2a-a722-4743-bee8-e3cb3b3575ba72f3.jpg]
[phono-demo.myshopify.com/cdn/shop/products/p8_cd4954dd-ce39-41ab-89ec-b67afb0e815f26b5.jpg]
[phono-demo.myshopify.com/cdn/shop/products/p2_ebf435eb-8fd4-4744-a1be-1a153a246fb66534.jpg]
[phono-demo.myshopify.com/cdn/shop/products/p4_fefecd2a-a722-4743-bee8-e3cb3b3575ba8587.jpg]
[phono-demo.myshopify.com/cdn/shop/products/p8_cd4954dd-ce39-41ab-89ec-b67afb0e815f7c53.jpg]
[phono-demo.myshopify.com/products/po-v40-thinq.html]
[phono-demo.myshopify.com/cdn/shop/products/p23ee4.jpg]
[phono-demo.myshopify.com/products/tencho-7-3.oembed]
[phono-demo.myshopify.com/cdn/shop/products/p27b17.jpg]
[phono-demo.myshopify.com/cdn/shop/products/p87b17.jpg]
[phono-demo.myshopify.com/cdn/shop/files/p5_4cde9f11-baf4-469a-acc8-b792c171a972c829.jpg]
[phono-demo.myshopify.com/cdn/shop/products/p237be.jpg]
[phono-demo.myshopify.com/cdn/shop/products/p82bb9.jpg]
[phono-demo.myshopify.com/cdn/shop/files/p5_4cde9f11-baf4-469a-acc8-b792c171a97246c2.jpg]
[phono-demo.myshopify.com/cdn/shop/products/p291b1.jpg]
[phono-demo.myshopify.com/cdn/shop/products/p891b1.jpg]
[phono-demo.myshopify.com/cdn/shop/products/p2fef9.jpg]
[phono-demo.myshopify.com/cdn/shop/products/p8fef9.jpg]
[phono-demo.myshopify.com/cdn/shop/files/p5_4cde9f11-baf4-469a-acc8-b792c171a97251a2.jpg]
[phono-demo.myshopify.com/cdn/shop/products/p2ddef.jpg]
[phono-demo.myshopify.com/products/tencho-7-3.html]
[phono-demo.myshopify.com/cdn/shop/products/p10_dffae547-ff5d-4f69-84e0-7cbc21e31d3c717b.jpg]
[phono-demo.myshopify.com/products/tencho-8-1.oembed]
[phono-demo.myshopify.com/cdn/shop/products/p10_dffae547-ff5d-4f69-84e0-7cbc21e31d3c5c87.jpg]
[phono-demo.myshopify.com/cdn/shop/products/p3_0600e790-1339-449f-9d09-28c6f0c40649692d.jpg]
[phono-demo.myshopify.com/cdn/shop/products/p5_29845e04-8eed-4e57-9a98-c1913e755327c45a.jpg]
[phono-demo.myshopify.com/cdn/shop/products/p10_dffae547-ff5d-4f69-84e0-7cbc21e31d3c186b.jpg]
[phono-demo.myshopify.com/cdn/shop/products/p3_0600e790-1339-449f-9d09-28c6f0c4064945f0.jpg]
[phono-demo.myshopify.com/cdn/shop/products/p5_29845e04-8eed-4e57-9a98-c1913e755327c5bd.jpg]
[phono-demo.myshopify.com/cdn/shop/products/p10_dffae547-ff5d-4f69-84e0-7cbc21e31d3c5b11.jpg]
[phono-demo.myshopify.com/cdn/shop/products/p3_0600e790-1339-449f-9d09-28c6f0c406499e91.jpg]
[phono-demo.myshopify.com/cdn/shop/products/p5_29845e04-8eed-4e57-9a98-c1913e755327299a.jpg]
[phono-demo.myshopify.com/cdn/shop/products/p10_dffae547-ff5d-4f69-84e0-7cbc21e31d3ca5a3.jpg]
[phono-demo.myshopify.com/cdn/shop/products/p3_0600e790-1339-449f-9d09-28c6f0c406490395.jpg]
[phono-demo.myshopify.com/cdn/shop/products/p5_29845e04-8eed-4e57-9a98-c1913e755327f295.jpg]
[phono-demo.myshopify.com/cdn/shop/products/p10_dffae547-ff5d-4f69-84e0-7cbc21e31d3c771d.jpg]
[phono-demo.myshopify.com/products/tencho-8-1.html]
[phono-demo.myshopify.com/collections/dual-sim-phones.atom]
[phono-demo.myshopify.com/collections/dual-sim-phones.oembed]
[phono-demo.myshopify.com/cdn/shop/products/p40140.jpg]
[phono-demo.myshopify.com/cdn/shop/products/p15759.jpg]
[phono-demo.myshopify.com/collections/dual-sim-phones.html]
[phono-demo.myshopify.com/cdn/shop/products/p12_2a7606d0-fa58-46ea-ac4e-eae86976dd08f84e.jpg]
[phono-demo.myshopify.com/products/spots-8-lite.oembed]
[phono-demo.myshopify.com/cdn/shop/products/p12_2a7606d0-fa58-46ea-ac4e-eae86976dd085385.jpg]
[phono-demo.myshopify.com/cdn/shop/products/p2_21f99a2a-1e23-497f-ae37-280bcedbfd0dcba5.jpg]
[phono-demo.myshopify.com/cdn/shop/products/p6_79baa9a7-7406-4029-a6ad-e6bee8291babd06d.jpg]
[phono-demo.myshopify.com/cdn/shop/products/p12_2a7606d0-fa58-46ea-ac4e-eae86976dd08c2fd.jpg]
[phono-demo.myshopify.com/cdn/shop/products/p2_21f99a2a-1e23-497f-ae37-280bcedbfd0d1cff.jpg]
[phono-demo.myshopify.com/cdn/shop/products/p6_79baa9a7-7406-4029-a6ad-e6bee8291babc42c.jpg]
[phono-demo.myshopify.com/cdn/shop/products/p12_2a7606d0-fa58-46ea-ac4e-eae86976dd087b1d.jpg]
[phono-demo.myshopify.com/cdn/shop/products/p2_21f99a2a-1e23-497f-ae37-280bcedbfd0d3c86.jpg]
[phono-demo.myshopify.com/cdn/shop/products/p6_79baa9a7-7406-4029-a6ad-e6bee8291babefc6.jpg]
[phono-demo.myshopify.com/cdn/shop/products/p12_2a7606d0-fa58-46ea-ac4e-eae86976dd08c42e.jpg]
[phono-demo.myshopify.com/cdn/shop/products/p2_21f99a2a-1e23-497f-ae37-280bcedbfd0db87d.jpg]
[phono-demo.myshopify.com/cdn/shop/products/p6_79baa9a7-7406-4029-a6ad-e6bee8291babcb1c.jpg]
[phono-demo.myshopify.com/cdn/shop/products/p12_2a7606d0-fa58-46ea-ac4e-eae86976dd085294.jpg]
[phono-demo.myshopify.com/products/spots-8-lite.html]
[phono-demo.myshopify.com/cdn/shop/products/p11_8cda49a9-ed01-4335-ac14-1fdc05cb9958c79e.jpg]
[phono-demo.myshopify.com/products/spots-era-5x.oembed]
[phono-demo.myshopify.com/cdn/shop/products/p11_8cda49a9-ed01-4335-ac14-1fdc05cb99584c12.jpg]
[phono-demo.myshopify.com/cdn/shop/products/p5_d025d5fb-fe51-4def-8907-77b2307e9e35bbf1.jpg]
[phono-demo.myshopify.com/cdn/shop/products/p12_3ea1ba9f-6419-4ddb-b605-66a8ede3104f972f.jpg]
[phono-demo.myshopify.com/cdn/shop/products/p11_8cda49a9-ed01-4335-ac14-1fdc05cb9958ebfc.jpg]
[phono-demo.myshopify.com/cdn/shop/products/p5_d025d5fb-fe51-4def-8907-77b2307e9e355fc5.jpg]
[phono-demo.myshopify.com/cdn/shop/products/p12_3ea1ba9f-6419-4ddb-b605-66a8ede3104ffcda.jpg]
[phono-demo.myshopify.com/collections/vendors5c19.html]
[phono-demo.myshopify.com/cdn/shop/products/p11_8cda49a9-ed01-4335-ac14-1fdc05cb9958c490.jpg]
[phono-demo.myshopify.com/cdn/shop/products/p12_3ea1ba9f-6419-4ddb-b605-66a8ede3104ff616.jpg]
[phono-demo.myshopify.com/cdn/shop/products/p5_d025d5fb-fe51-4def-8907-77b2307e9e35e6e7.jpg]
[phono-demo.myshopify.com/cdn/shop/products/p11_8cda49a9-ed01-4335-ac14-1fdc05cb995816db.jpg]
[phono-demo.myshopify.com/cdn/shop/products/p5_d025d5fb-fe51-4def-8907-77b2307e9e3562f9.jpg]
[phono-demo.myshopify.com/cdn/shop/products/p12_3ea1ba9f-6419-4ddb-b605-66a8ede3104f2438.jpg]
[phono-demo.myshopify.com/cdn/shop/products/p11_8cda49a9-ed01-4335-ac14-1fdc05cb99580f6e.jpg]
[phono-demo.myshopify.com/products/spots-era-5x.html]
[phono-demo.myshopify.com/collections/windows-phone.atom]
[phono-demo.myshopify.com/collections/windows-phone.oembed]
[phono-demo.myshopify.com/collections/windows-phone.html]
[phono-demo.myshopify.com/cdn/shop/products/p6_6b7de771-84d6-46c8-b6df-e5dc70fc3757615a.jpg]
[phono-demo.myshopify.com/products/spots-y93-1815.oembed]
[phono-demo.myshopify.com/cdn/shop/products/p6_6b7de771-84d6-46c8-b6df-e5dc70fc375747be.jpg]
[phono-demo.myshopify.com/cdn/shop/products/p10029f.jpg]
[phono-demo.myshopify.com/cdn/shop/products/p115538.jpg]
[phono-demo.myshopify.com/cdn/shop/products/p6_6b7de771-84d6-46c8-b6df-e5dc70fc375747d9.jpg]
[phono-demo.myshopify.com/cdn/shop/products/p10d01d.jpg]
[phono-demo.myshopify.com/cdn/shop/products/p118486.jpg]
[phono-demo.myshopify.com/cdn/shop/products/p6_6b7de771-84d6-46c8-b6df-e5dc70fc37572cf6.jpg]
[phono-demo.myshopify.com/cdn/shop/products/p11bb48.jpg]
[phono-demo.myshopify.com/cdn/shop/products/p108879.jpg]
[phono-demo.myshopify.com/cdn/shop/products/p6_6b7de771-84d6-46c8-b6df-e5dc70fc3757f9b9.jpg]
[phono-demo.myshopify.com/cdn/shop/products/p1058d5.jpg]
[phono-demo.myshopify.com/cdn/shop/products/p116fa8.jpg]
[phono-demo.myshopify.com/cdn/shop/products/p6_6b7de771-84d6-46c8-b6df-e5dc70fc3757e0ba.jpg]
[phono-demo.myshopify.com/products/spots-y93-1815.html]
[phono-demo.myshopify.com/cdn/shop/products/p41032.jpg]
[phono-demo.myshopify.com/products/tencho-f12-pro.oembed]
[phono-demo.myshopify.com/cdn/shop/products/p44d87.jpg]
[phono-demo.myshopify.com/cdn/shop/products/p2_e1a0c22b-6b61-414a-a3f1-adedf54e5f354d87.jpg]
[phono-demo.myshopify.com/cdn/shop/products/p3_f3bb2833-2126-4c25-996d-30952d6fb0d14d87.jpg]
[phono-demo.myshopify.com/cdn/shop/products/p42127.jpg]
[phono-demo.myshopify.com/cdn/shop/products/p2_e1a0c22b-6b61-414a-a3f1-adedf54e5f3576de.jpg]
[phono-demo.myshopify.com/cdn/shop/products/p3_f3bb2833-2126-4c25-996d-30952d6fb0d176de.jpg]
[phono-demo.myshopify.com/cdn/shop/products/p4c633.jpg]
[phono-demo.myshopify.com/cdn/shop/products/p2_e1a0c22b-6b61-414a-a3f1-adedf54e5f35c633.jpg]
[phono-demo.myshopify.com/cdn/shop/products/p3_f3bb2833-2126-4c25-996d-30952d6fb0d1c633.jpg]
[phono-demo.myshopify.com/cdn/shop/products/p46fc8.jpg]
[phono-demo.myshopify.com/cdn/shop/products/p2_e1a0c22b-6b61-414a-a3f1-adedf54e5f356fc8.jpg]
[phono-demo.myshopify.com/cdn/shop/products/p3_f3bb2833-2126-4c25-996d-30952d6fb0d16fc8.jpg]
[phono-demo.myshopify.com/cdn/shop/products/p474f6.jpg]
[phono-demo.myshopify.com/products/tencho-f12-pro.html]
[phono-demo.myshopify.com/collections/latest-product.atom]
[phono-demo.myshopify.com/collections/latest-product.oembed]
[phono-demo.myshopify.com/cdn/shop/products/p10_dffae547-ff5d-4f69-84e0-7cbc21e31d3c65b5.jpg]
[phono-demo.myshopify.com/collections/latest-product.html]
[phono-demo.myshopify.com/cdn/shop/products/p3a184.jpg]
[phono-demo.myshopify.com/products/tencho-10-lite.oembed]
[phono-demo.myshopify.com/cdn/shop/products/p3e7a8.jpg]
[phono-demo.myshopify.com/cdn/shop/products/p2_6fe16657-d748-4c01-acfa-5ddb48b5a280e92b.jpg]
[phono-demo.myshopify.com/cdn/shop/files/p11_554de62d-0f92-4e47-af25-a12058368abcb4f4.jpg]
[phono-demo.myshopify.com/cdn/shop/products/p3f5e0.jpg]
[phono-demo.myshopify.com/cdn/shop/products/p2_6fe16657-d748-4c01-acfa-5ddb48b5a280fdef.jpg]
[phono-demo.myshopify.com/cdn/shop/files/p11_554de62d-0f92-4e47-af25-a12058368abc7aa8.jpg]
[phono-demo.myshopify.com/cdn/shop/products/p37419.jpg]
[phono-demo.myshopify.com/cdn/shop/products/p2_6fe16657-d748-4c01-acfa-5ddb48b5a2802128.jpg]
[phono-demo.myshopify.com/cdn/shop/products/p397cb.jpg]
[phono-demo.myshopify.com/cdn/shop/products/p2_6fe16657-d748-4c01-acfa-5ddb48b5a2802e45.jpg]
[phono-demo.myshopify.com/cdn/shop/files/p11_554de62d-0f92-4e47-af25-a12058368abc7a9b.jpg]
[phono-demo.myshopify.com/cdn/shop/products/p32e9e.jpg]
[phono-demo.myshopify.com/products/tencho-10-lite.html]
[phono-demo.myshopify.com/collections/all.atom]
[phono-demo.myshopify.com/collections/all.html]
[phono-demo.myshopify.com/collections/upcoming-products.atom]
[phono-demo.myshopify.com/collections/upcoming-products.oembed]
[phono-demo.myshopify.com/collections/upcoming-products.html]
[phono-demo.myshopify.com/collections/new-offers.atom]
[phono-demo.myshopify.com/collections/new-offers.oembed]
[phono-demo.myshopify.com/collections/new-offers.html]
[phono-demo.myshopify.com/pages/GET]
[phono-demo.myshopify.com/pages/POST]
[phono-demo.myshopify.com/cdn/shop/t/11/assets/section-main-page7ac8.css]
[phono-demo.myshopify.com/cdn/shop/t/11/assets/component-image-with-text205f.css]
[phono-demo.myshopify.com/pages/Liquid error (sections/image-with-text line 31]
[phono-demo.myshopify.com/pages/Liquid error (sections/image-with-text line 48]
[phono-demo.myshopify.com/cdn/shop/files/abo-01661b.jpg]
[phono-demo.myshopify.com/cdn/shop/files/gal11711.jpg]
[phono-demo.myshopify.com/cdn/shop/files/pattern-leaf_1_15da3.png]
[phono-demo.myshopify.com/cdn/shop/files/abo-028cac.jpg]
[phono-demo.myshopify.com/cdn/shop/files/abo-03c502.jpg]
[phono-demo.myshopify.com/cdn/shop/t/11/assets/section-testimonials3568.css]
[phono-demo.myshopify.com/cdn/shop/t/11/assets/component-swiperf071.css]
[phono-demo.myshopify.com/cdn/shop/files/abo-10e747.jpg]
[phono-demo.myshopify.com/cdn/shop/files/abo-1061c4.jpg]
[phono-demo.myshopify.com/cdn/shop/files/abo-08a8b6.jpg]
[phono-demo.myshopify.com/cdn/shop/files/abo-09febd.jpg]
[phono-demo.myshopify.com/cdn/shop/t/11/assets/section-team-sectionc0fa.css]
[phono-demo.myshopify.com/cdn/shop/files/abo-049d8b.jpg]
[phono-demo.myshopify.com/cdn/shop/files/abo-07d02b.jpg]
[phono-demo.myshopify.com/cdn/shop/files/abo-06581c.jpg]
[phono-demo.myshopify.com/cdn/shop/files/abo-051d27.jpg]
[phono-demo.myshopify.com/pages/about-us.html]
[phono-demo.myshopify.com/cdn/shopifycloud/portable-wallets/canary/portable-wallets.en.js]
[phono-demo.myshopify.com/cdn/shop/t/11/assets/section-multicolumnb51c.css]
[phono-demo.myshopify.com/pages/contact-us.html]
[phono-demo.myshopify.com/cdn/shop/t/11/assets/section-contact-form1e62.css]
[phono-demo.myshopify.com/blogs/news.atom]
[phono-demo.myshopify.com/blogs/news4658.html]
[phono-demo.myshopify.com/blogs/GET]
[phono-demo.myshopify.com/blogs/POST]
[phono-demo.myshopify.com/cdn/shop/t/11/assets/component-article-card5135.css]
[phono-demo.myshopify.com/cdn/shop/t/11/assets/section-main-bloga526.css]
[phono-demo.myshopify.com/cdn/shop/articles/blog-138314.jpg]
[phono-demo.myshopify.com/blogs/news/the-tablet-playstore.html]
[phono-demo.myshopify.com/cdn/shop/articles/blog-12f9da.jpg]
[phono-demo.myshopify.com/blogs/news/the-iphone-for-regular-use.html]
[phono-demo.myshopify.com/cdn/shop/articles/blog-1146fb.jpg]
[phono-demo.myshopify.com/blogs/news/the-responsive-comfort-screens.html]
[phono-demo.myshopify.com/cdn/shop/articles/blog-106c81.jpg]
[phono-demo.myshopify.com/blogs/news/amazing-weather-report.html]
[phono-demo.myshopify.com/cdn/shop/articles/blog-98ab5.jpg]
[phono-demo.myshopify.com/blogs/news/the-8d-effect-headphones.html]
[phono-demo.myshopify.com/cdn/shop/articles/blog-134e29.jpg]
[phono-demo.myshopify.com/cdn/shop/articles/blog-1232ed.jpg]
[phono-demo.myshopify.com/cdn/shop/articles/blog-117e4f.jpg]
[phono-demo.myshopify.com/cdn/shop/articles/blog-10e612.jpg]
[phono-demo.myshopify.com/cdn/shop/articles/blog-99f79.jpg]
[phono-demo.myshopify.com/cdn/shop/articles/blog-88982.jpg]
[phono-demo.myshopify.com/blogs/news/the-hd-wallpaper-for-front-page.html]
[phono-demo.myshopify.com/blogs/news.html]
[phono-demo.myshopify.com/cdn/shop/t/11/assets/component-pagination682b.css]
[phono-demo.myshopify.com/cdn/shop/files/tab-imagecaa5.png]
[phono-demo.myshopify.com/pages/faqs.html]
[phono-demo.myshopify.com/account/GET]
[phono-demo.myshopify.com/account/POST]
[phono-demo.myshopify.com/cdn/shop/t/11/assets/customer4d04.css]
[phono-demo.myshopify.com/account/login.html]
[phono-demo.myshopify.com/account/register.html]
[phono-demo.myshopify.com/cdn/shop/t/11/assets/component-cart52c7.css]
[phono-demo.myshopify.com/cdn/shop/t/11/assets/component-totals6c4a.css]
[phono-demo.myshopify.com/cdn/shop/t/11/assets/component-discountse2a5.css]
[phono-demo.myshopify.com/cart.html]
[phono-demo.myshopify.com/cdn/shop/t/11/assets/component-image-bannerc9f0.css]
[phono-demo.myshopify.com/cdn/shop/t/11/assets/component-slider6e1b.css]
[phono-demo.myshopify.com/cdn/shop/t/11/assets/component-slideshowfa3a.css]
[phono-demo.myshopify.com/cdn/shop/t/11/assets/section-support-block77e2.css]
[phono-demo.myshopify.com/cdn/shop/t/11/assets/section-grid-banner6263.css]
[phono-demo.myshopify.com/cdn/shop/t/11/assets/section-hotspot7873.css]
[phono-demo.myshopify.com/cdn/shop/t/11/assets/magnific-popup4a8e.css]
[phono-demo.myshopify.com/cdn/shop/t/11/assets/cart551e.js]
[phono-demo.myshopify.com/Trident/index.html]
[phono-demo.myshopify.com/cdn/shop/t/11/assets/compare.svg]
[phono-demo.myshopify.com/cdn/shop/t/11/assets/compare2.svg]
[phono-demo.myshopify.com/cdn/shop/t/11/assets/wishlist.svg]
[phono-demo.myshopify.com/cdn/shop/t/11/assets/wishlist2.svg]
[phono-demo.myshopify.com/cdn/shop/t/11/assets/loading-icon.gif]
[phono-demo.myshopify.com/cdn/shop/t/11/assets/component-carde02c.css]
[phono-demo.myshopify.com/cdn/shop/t/11/assets/quick-add7c28.css]
[phono-demo.myshopify.com/cdn/shop/t/11/assets/component-rte63b0.css]
[phono-demo.myshopify.com/cdn/shop/t/11/assets/section-rich-text7cb3.css]
[phono-demo.myshopify.com/cdn/shop/t/11/assets/section-specification-blockaf0d.css]
[phono-demo.myshopify.com/cdn/shop/t/11/assets/template-collection5ce9.css]
[phono-demo.myshopify.com/cdn/shop/t/11/assets/component-rating9b61.css]
[phono-demo.myshopify.com/cdn/shop/products/p5afbf.jpg]
[phono-demo.myshopify.com/products/spectronic-xr.oembed]
[phono-demo.myshopify.com/cdn/shop/products/p5d559.jpg]
[phono-demo.myshopify.com/cdn/shop/products/p6d559.jpg]
[phono-demo.myshopify.com/cdn/shop/products/p7d559.jpg]
[phono-demo.myshopify.com/cdn/shop/products/p54c6d.jpg]
[phono-demo.myshopify.com/cdn/shop/products/p6d712.jpg]
[phono-demo.myshopify.com/cdn/shop/products/p7d712.jpg]
[phono-demo.myshopify.com/cdn/shop/products/p5ccad.jpg]
[phono-demo.myshopify.com/cdn/shop/products/p7ccad.jpg]
[phono-demo.myshopify.com/cdn/shop/products/p53a02.jpg]
[phono-demo.myshopify.com/cdn/shop/products/p63a02.jpg]
[phono-demo.myshopify.com/cdn/shop/products/p73a02.jpg]
[phono-demo.myshopify.com/cdn/shop/products/p5a670.jpg]
[phono-demo.myshopify.com/products/spectronic-xr.html]
[phono-demo.myshopify.com/cdn/shop/t/11/assets/section-masonry-banner8fbf.css]
[phono-demo.myshopify.com/cdn/shop/t/11/assets/component-accordion66e1.css]
[phono-demo.myshopify.com/cdn/shop/t/11/assets/collapsible-content2f93.css]
[phono-demo.myshopify.com/cdn/shop/t/11/assets/section-footer2132.css]
[phono-demo.myshopify.com/cdn/shop/t/11/assets/component-newsletterff7c.css]
[phono-demo.myshopify.com/cdn/shop/t/11/assets/component-list-payment2417.css]
[phono-demo.myshopify.com/cdn/shop/t/11/assets/component-list-sociala3e8.css]
[phono-demo.myshopify.com/cdn/shop/t/11/assets/disclosured3f1.css]
[phono-demo.myshopify.com/search.html]
[phono-demo.myshopify.com/pages/shipping-details.html]
[phono-demo.myshopify.com/cdn/shop/t/11/assets/model-newsletter-section626b.css]
[phono-demo.myshopify.com/cdn/shop/t/11/assets/section-collection-list09f5.css]
[phono-demo.myshopify.com/collections/best-seller-1.atom]
[phono-demo.myshopify.com/collections/best-seller-1.oembed]
[phono-demo.myshopify.com/collections/best-seller-1.html]
[phono-demo.myshopify.com/collections/featured-products.atom]
[phono-demo.myshopify.com/collections/featured-products.oembed]
[phono-demo.myshopify.com/collections/featured-products.html]
[phono-demo.myshopify.com/collections/GET.html]
[phono-demo.myshopify.com/collections/POST.html]
[phono-demo.myshopify.com/cdn/shop/t/11/assets/component-collection-heroab3e.css]
[phono-demo.myshopify.com/cdn/shop/t/11/assets/component-facets7fe7.css]
[phono-demo.myshopify.com/cdn/shop/t/11/assets/component-show-more7e55.css]
[phono-demo.myshopify.com/products/GET.html]
[phono-demo.myshopify.com/products/POST.html]
[phono-demo.myshopify.com/cdn/shop/t/11/assets/slick.min678e.css]
[phono-demo.myshopify.com/cdn/shop/t/11/assets/sticky-carte0a7.css]
[phono-demo.myshopify.com/cdn/shop/t/11/assets/section-main-product4800.css]
[phono-demo.myshopify.com/cdn/shop/t/11/assets/component-deferred-media9545.css]
[phono-demo.myshopify.com/cdn/shop/t/11/assets/product-detail-page3658.css]
[phono-demo.myshopify.com/collections/vendors29d2.html]
[phono-demo.myshopify.com/cdn/shop/t/11/assets/component-pickup-availability37e4.css]
[phono-demo.myshopify.com/products/Trident/index.html]
[phono-demo.myshopify.com/cdn/shop/t/11/assets/section-product-recommendationsace2.css]
[phono-demo.myshopify.com/collections/vendors8b0d.html]
[phono-demo.myshopify.com/cdn/shop/products/p9_abe1dc20-196b-45a9-829a-3a06616387e6c09a.jpg]
[phono-demo.myshopify.com/products/affinity-r18-pro.oembed]
[phono-demo.myshopify.com/cdn/shop/products/p9_abe1dc20-196b-45a9-829a-3a06616387e65593.jpg]
[phono-demo.myshopify.com/cdn/shop/products/p11_ada74d83-2cf4-4d45-8e5c-bc4226ad8074752c.jpg]
[phono-demo.myshopify.com/cdn/shop/products/p12_d5e50d66-ca8e-4031-ba3d-ae6f9b7769a097fd.jpg]
[phono-demo.myshopify.com/cdn/shop/products/p9_abe1dc20-196b-45a9-829a-3a06616387e6d8ba.jpg]
[phono-demo.myshopify.com/cdn/shop/products/p11_ada74d83-2cf4-4d45-8e5c-bc4226ad8074a9bc.jpg]
[phono-demo.myshopify.com/cdn/shop/products/p12_d5e50d66-ca8e-4031-ba3d-ae6f9b7769a028ff.jpg]
[phono-demo.myshopify.com/cdn/shop/products/p9_abe1dc20-196b-45a9-829a-3a06616387e60683.jpg]
[phono-demo.myshopify.com/cdn/shop/products/p11_ada74d83-2cf4-4d45-8e5c-bc4226ad8074c09e.jpg]
[phono-demo.myshopify.com/cdn/shop/products/p12_d5e50d66-ca8e-4031-ba3d-ae6f9b7769a08331.jpg]
[phono-demo.myshopify.com/cdn/shop/products/p9_abe1dc20-196b-45a9-829a-3a06616387e66926.jpg]
[phono-demo.myshopify.com/cdn/shop/products/p11_ada74d83-2cf4-4d45-8e5c-bc4226ad8074687e.jpg]
[phono-demo.myshopify.com/cdn/shop/products/p12_d5e50d66-ca8e-4031-ba3d-ae6f9b7769a0b809.jpg]
[phono-demo.myshopify.com/cdn/shop/products/p9_abe1dc20-196b-45a9-829a-3a06616387e6be8b.jpg]
[phono-demo.myshopify.com/products/affinity-r18-pro.html]
[phono-demo.myshopify.com/collections/vendors5446.html]
[phono-demo.myshopify.com/collections/vendors98c1.html]
[phono-demo.myshopify.com/collections/vendors3d83.html]
[phono-demo.myshopify.com/collections/vendorscef9.html]
[phono-demo.myshopify.com/collections/vendors5c19.html]
[phono-demo.myshopify.com/pages/GET.html]
[phono-demo.myshopify.com/pages/POST.html]
[phono-demo.myshopify.com/cdn/shop/t/11/assets/section-main-page7ac8.css]
[phono-demo.myshopify.com/cdn/shop/t/11/assets/component-image-with-text205f.css]
[phono-demo.myshopify.com/pages/Liquid error (sections/image-with-text line 31.html]
[phono-demo.myshopify.com/pages/Liquid error (sections/image-with-text line 48.html]
[phono-demo.myshopify.com/cdn/shop/t/11/assets/section-testimonials3568.css]
[phono-demo.myshopify.com/cdn/shop/t/11/assets/component-swiperf071.css]
[phono-demo.myshopify.com/cdn/shop/t/11/assets/section-team-sectionc0fa.css]
[phono-demo.myshopify.com/cdn/shop/t/11/assets/section-multicolumnb51c.css]
[phono-demo.myshopify.com/cdn/shop/t/11/assets/section-contact-form1e62.css]
[phono-demo.myshopify.com/collections/vendors14ba.html]
[phono-demo.myshopify.com/blogs/news2679.html]
[phono-demo.myshopify.com/cdn/shop/articles/blog-7ecbe.jpg]
[phono-demo.myshopify.com/blogs/news/amazing-camera-pixel.html]
[phono-demo.myshopify.com/cdn/shop/articles/blog-62546.jpg]
[phono-demo.myshopify.com/blogs/news/the-man-accessing-the-twitter.html]
[phono-demo.myshopify.com/cdn/shop/articles/blog-42ca8.jpg]
[phono-demo.myshopify.com/blogs/news/user-friendly-android-mobile.html]
[phono-demo.myshopify.com/cdn/shop/articles/blog-312f7.jpg]
[phono-demo.myshopify.com/blogs/news/the-android-security-apps.html]
[phono-demo.myshopify.com/cdn/shop/articles/blog-23585.jpg]
[phono-demo.myshopify.com/blogs/news/elegant-iphone-for-all-uses.html]
[phono-demo.myshopify.com/cdn/shop/articles/blog-175db.jpg]
[phono-demo.myshopify.com/blogs/news4658.html]
[phono-demo.myshopify.com/blogs/GET.html]
[phono-demo.myshopify.com/blogs/POST.html]
[phono-demo.myshopify.com/cdn/shop/t/11/assets/component-article-card5135.css]
[phono-demo.myshopify.com/cdn/shop/t/11/assets/section-main-bloga526.css]
[phono-demo.myshopify.com/blogs/news/best-android-security-system.html]
[phono-demo.myshopify.com/cdn/shop/articles/blog-13242e.jpg]
[phono-demo.myshopify.com/blogs/news/GET]
[phono-demo.myshopify.com/blogs/news/POST]
[phono-demo.myshopify.com/blogs/news/the-tablet-playstore.html]
[phono-demo.myshopify.com/cdn/shop/t/11/assets/section-blog-posta62f.css]
[phono-demo.myshopify.com/cdn/shop/articles/blog-127142.jpg]
[phono-demo.myshopify.com/blogs/news/the-iphone-for-regular-use.html]
[phono-demo.myshopify.com/cdn/shop/articles/blog-114eff.jpg]
[phono-demo.myshopify.com/blogs/news/the-responsive-comfort-screens.html]
[phono-demo.myshopify.com/cdn/shop/articles/blog-10a490.jpg]
[phono-demo.myshopify.com/blogs/news/amazing-weather-report.html]
[phono-demo.myshopify.com/cdn/shop/articles/blog-900e3.jpg]
[phono-demo.myshopify.com/blogs/news/the-8d-effect-headphones.html]
[phono-demo.myshopify.com/cdn/shop/articles/blog-88dcb.jpg]
[phono-demo.myshopify.com/cdn/shop/articles/blog-8fcc9.jpg]
[phono-demo.myshopify.com/blogs/news/the-hd-wallpaper-for-front-page.html]
[phono-demo.myshopify.com/cdn/shop/t/11/assets/component-pagination682b.css]
[phono-demo.myshopify.com/account/GET.html]
[phono-demo.myshopify.com/account/POST.html]
[phono-demo.myshopify.com/cdn/shop/t/11/assets/customer4d04.css]
[phono-demo.myshopify.com/account/register.html]
[phono-demo.myshopify.com/cdn/shop/t/11/assets/component-cart52c7.css]
[phono-demo.myshopify.com/cdn/shop/t/11/assets/component-totals6c4a.css]
[phono-demo.myshopify.com/cdn/shop/t/11/assets/component-discountse2a5.css]
[phono-demo.myshopify.com/Trident/index.html]
[phono-demo.myshopify.com/cdn/shop/t/11/assets/compare.svg]
[phono-demo.myshopify.com/cdn/shop/t/11/assets/compare2.svg]
[phono-demo.myshopify.com/cdn/shop/t/11/assets/wishlist.svg]
[phono-demo.myshopify.com/cdn/shop/t/11/assets/wishlist2.svg]
[phono-demo.myshopify.com/collections/vendors8b0d.html]
[phono-demo.myshopify.com/collections/vendors98c1.html]
[phono-demo.myshopify.com/collections/vendorscef9.html]
[phono-demo.myshopify.com/collections/vendors14ba.html]
[phono-demo.myshopify.com/blogs/news2679.html]
[phono-demo.myshopify.com/cdn/shop/articles/blog-74a7d.jpg]
[phono-demo.myshopify.com/cdn/shop/articles/blog-74116.jpg]
[phono-demo.myshopify.com/blogs/news/amazing-camera-pixel.html]
[phono-demo.myshopify.com/cdn/shop/articles/blog-6f62d.jpg]
[phono-demo.myshopify.com/cdn/shop/articles/blog-6534e.jpg]
[phono-demo.myshopify.com/blogs/news/the-man-accessing-the-twitter.html]
[phono-demo.myshopify.com/cdn/shop/articles/blog-48598.jpg]
[phono-demo.myshopify.com/cdn/shop/articles/blog-431b7.jpg]
[phono-demo.myshopify.com/blogs/news/user-friendly-android-mobile.html]
[phono-demo.myshopify.com/cdn/shop/articles/blog-3d285.jpg]
[phono-demo.myshopify.com/cdn/shop/articles/blog-3d1e1.jpg]
[phono-demo.myshopify.com/blogs/news/the-android-security-apps.html]
[phono-demo.myshopify.com/cdn/shop/articles/blog-28ed0.jpg]
[phono-demo.myshopify.com/cdn/shop/articles/blog-29d79.jpg]
[phono-demo.myshopify.com/blogs/news/elegant-iphone-for-all-uses.html]
[phono-demo.myshopify.com/cdn/shop/articles/blog-16954.jpg]
[phono-demo.myshopify.com/cdn/shop/articles/blog-12b85.jpg]
[phono-demo.myshopify.com/blogs/news/best-android-security-system.html]
[phono-demo.myshopify.com/blogs/news/GET.html]
[phono-demo.myshopify.com/blogs/news/POST.html]
[phono-demo.myshopify.com/cdn/shop/t/11/assets/section-blog-posta62f.css]
